// Jest Snapshot v1, https://goo.gl/fbAQLP

exports[`GraphQL Schema with camelCase GraphQL query 0: query CubeQuery {
  cube {
    orders {
      count
      createdAt {
        day
      }
    }
  }
} 1`] = `
{
  "measures": [
    "Orders.count",
  ],
  "timeDimensions": [
    {
      "dimension": "Orders.createdAt",
      "granularity": "day",
    },
  ],
}
`;

exports[`GraphQL Schema with camelCase GraphQL query 1: query CubeQuery {
  cube(where: { orders: { status: { equals: "shipped" } } }) {
    orders {
      count
      createdAt {
        day
      }
    }
  }
} 1`] = `
{
  "filters": [
    {
      "member": "Orders.status",
      "operator": "equals",
      "values": [
        "shipped",
      ],
    },
  ],
  "measures": [
    "Orders.count",
  ],
  "timeDimensions": [
    {
      "dimension": "Orders.createdAt",
      "granularity": "day",
    },
  ],
}
`;

exports[`GraphQL Schema with camelCase GraphQL query 2: query CubeQuery {
  cube(
    where: {
      orders: { createdAt: { inDateRange: ["2022-01-01", "2022-02-01"] } }
    }
  ) {
    orders(orderBy: { createdAt: asc }) {
      count
      createdAt {
        value
      }
    }
  }
} 1`] = `
{
  "dimensions": [
    "Orders.createdAt",
  ],
  "measures": [
    "Orders.count",
  ],
  "order": [
    [
      "Orders.createdAt",
      "asc",
    ],
  ],
  "timeDimensions": [
    {
      "dateRange": [
        "2022-01-01",
        "2022-02-01",
      ],
      "dimension": "Orders.createdAt",
    },
  ],
}
`;

exports[`GraphQL Schema with camelCase GraphQL query 3: query CubeQuery {
  cube(
    where: {
      orders: { createdAt: { inDateRange: ["2022-01-01", "2022-02-01"] } }
    }
  ) {
    orders(orderBy: { createdAt: asc }) {
      count
      createdAt {
        day
      }
    }
  }
} 1`] = `
{
  "measures": [
    "Orders.count",
  ],
  "order": [
    [
      "Orders.createdAt",
      "asc",
    ],
  ],
  "timeDimensions": [
    {
      "dateRange": [
        "2022-01-01",
        "2022-02-01",
      ],
      "dimension": "Orders.createdAt",
      "granularity": "day",
    },
  ],
}
`;

exports[`GraphQL Schema with camelCase GraphQL query 4: query CubeQuery {
  cube(where: { orders: { createdAt: { inDateRange: "This month" } } }) {
    orders {
      count
      createdAt {
        value
      }
    }
  }
} 1`] = `
{
  "dimensions": [
    "Orders.createdAt",
  ],
  "measures": [
    "Orders.count",
  ],
  "timeDimensions": [
    {
      "dateRange": "This month",
      "dimension": "Orders.createdAt",
    },
  ],
}
`;

exports[`GraphQL Schema with camelCase GraphQL query 5: query CubeQuery {
  cube(where: { orders: { createdAt: { inDateRange: "This month" } } }) {
    orders {
      count
      createdAt {
        day
      }
    }
  }
} 1`] = `
{
  "measures": [
    "Orders.count",
  ],
  "timeDimensions": [
    {
      "dateRange": "This month",
      "dimension": "Orders.createdAt",
      "granularity": "day",
    },
  ],
}
`;

exports[`GraphQL Schema with camelCase GraphQL query 6: query CubeQuery {
  cube(where: { orders: { createdAt: { inDateRange: "2 weeks ago to now" } } }) {
    orders {
      count
      createdAt {
        day
      }
    }
  }
} 1`] = `
{
  "measures": [
    "Orders.count",
  ],
  "timeDimensions": [
    {
      "dateRange": "2 weeks ago to now",
      "dimension": "Orders.createdAt",
      "granularity": "day",
    },
  ],
}
`;

exports[`GraphQL Schema with camelCase GraphQL query 7: query CubeQuery {
  cube(
    where: {
      orders: { createdAt: { notInDateRange: ["2022-01-01", "2022-02-01"] } }
    }
  ) {
    orders {
      count
      createdAt {
        day
      }
    }
  }
} 1`] = `
{
  "filters": [
    {
      "member": "Orders.createdAt",
      "operator": "notInDateRange",
      "values": [
        "2022-01-01",
        "2022-02-01",
      ],
    },
  ],
  "measures": [
    "Orders.count",
  ],
  "timeDimensions": [
    {
      "dimension": "Orders.createdAt",
      "granularity": "day",
    },
  ],
}
`;

exports[`GraphQL Schema with camelCase GraphQL query 8: query CubeQuery {
  cube {
    orders(orderBy: { count: desc, status: asc }) {
      count
      status
      createdAt {
        value
      }
    }
    users(orderBy: { city: desc }) {
      city
    }
  }
} 1`] = `
{
  "dimensions": [
    "Orders.status",
    "Orders.createdAt",
    "Users.city",
  ],
  "measures": [
    "Orders.count",
  ],
  "order": [
    [
      "Orders.count",
      "desc",
    ],
    [
      "Orders.status",
      "asc",
    ],
    [
      "Users.city",
      "desc",
    ],
  ],
}
`;

exports[`GraphQL Schema with camelCase GraphQL query 9: query CubeQuery {
  cube(
    where: {
      orders: { status: { in: ["canceled", "active"] } }
      OR: [
        {
          users: { OR: [{ city: { set: false } }, { city: { equals: "US" } }] }
        }
      ]
    }
  ) {
    orders {
      count
      status
    }
  }
}
 1`] = `
{
  "dimensions": [
    "Orders.status",
  ],
  "filters": [
    {
      "or": [
        {
          "or": [
            {
              "member": "Users.city",
              "operator": "notSet",
            },
            {
              "member": "Users.city",
              "operator": "equals",
              "values": [
                "US",
              ],
            },
          ],
        },
      ],
    },
    {
      "member": "Orders.status",
      "operator": "equals",
      "values": [
        "canceled",
        "active",
      ],
    },
  ],
  "measures": [
    "Orders.count",
  ],
}
`;

exports[`GraphQL Schema with snake_case GraphQL query 0: query CubeQuery {
  cube {
    orders {
      count
      created_at {
        day
      }
    }
  }
} 1`] = `
{
  "measures": [
    "orders.count",
  ],
  "timeDimensions": [
    {
      "dimension": "orders.created_at",
      "granularity": "day",
    },
  ],
}
`;

exports[`GraphQL Schema with snake_case GraphQL query 1: query CubeQuery {
  cube(where: { orders: { status: { equals: "shipped" } } }) {
    orders {
      count
      created_at {
        day
      }
    }
  }
} 1`] = `
{
  "filters": [
    {
      "member": "orders.status",
      "operator": "equals",
      "values": [
        "shipped",
      ],
    },
  ],
  "measures": [
    "orders.count",
  ],
  "timeDimensions": [
    {
      "dimension": "orders.created_at",
      "granularity": "day",
    },
  ],
}
`;

exports[`GraphQL Schema with snake_case GraphQL query 2: query CubeQuery {
  cube(
    where: {
      orders: { created_at: { inDateRange: ["2022-01-01", "2022-02-01"] } }
    }
  ) {
    orders(orderBy: { created_at: asc }) {
      count
      created_at {
        value
      }
    }
  }
} 1`] = `
{
  "dimensions": [
    "orders.created_at",
  ],
  "measures": [
    "orders.count",
  ],
  "order": [
    [
      "orders.created_at",
      "asc",
    ],
  ],
  "timeDimensions": [
    {
      "dateRange": [
        "2022-01-01",
        "2022-02-01",
      ],
      "dimension": "orders.created_at",
    },
  ],
}
`;

exports[`GraphQL Schema with snake_case GraphQL query 3: query CubeQuery {
  cube(
    where: {
      orders: { created_at: { inDateRange: ["2022-01-01", "2022-02-01"] } }
    }
  ) {
    orders(orderBy: { created_at: asc }) {
      count
      created_at {
        day
      }
    }
  }
} 1`] = `
{
  "measures": [
    "orders.count",
  ],
  "order": [
    [
      "orders.created_at",
      "asc",
    ],
  ],
  "timeDimensions": [
    {
      "dateRange": [
        "2022-01-01",
        "2022-02-01",
      ],
      "dimension": "orders.created_at",
      "granularity": "day",
    },
  ],
}
`;

exports[`GraphQL Schema with snake_case GraphQL query 4: query CubeQuery {
  cube(where: { orders: { created_at: { inDateRange: "This month" } } }) {
    orders {
      count
      created_at {
        value
      }
    }
  }
} 1`] = `
{
  "dimensions": [
    "orders.created_at",
  ],
  "measures": [
    "orders.count",
  ],
  "timeDimensions": [
    {
      "dateRange": "This month",
      "dimension": "orders.created_at",
    },
  ],
}
`;

exports[`GraphQL Schema with snake_case GraphQL query 5: query CubeQuery {
  cube(where: { orders: { created_at: { inDateRange: "This month" } } }) {
    orders {
      count
      created_at {
        day
      }
    }
  }
} 1`] = `
{
  "measures": [
    "orders.count",
  ],
  "timeDimensions": [
    {
      "dateRange": "This month",
      "dimension": "orders.created_at",
      "granularity": "day",
    },
  ],
}
`;

exports[`GraphQL Schema with snake_case GraphQL query 6: query CubeQuery {
  cube(where: { orders: { created_at: { inDateRange: "2 weeks ago to now" } } }) {
    orders {
      count
      created_at {
        day
      }
    }
  }
} 1`] = `
{
  "measures": [
    "orders.count",
  ],
  "timeDimensions": [
    {
      "dateRange": "2 weeks ago to now",
      "dimension": "orders.created_at",
      "granularity": "day",
    },
  ],
}
`;

exports[`GraphQL Schema with snake_case GraphQL query 7: query CubeQuery {
  cube(
    where: {
      orders: { created_at: { notInDateRange: ["2022-01-01", "2022-02-01"] } }
    }
  ) {
    orders {
      count
      created_at {
        day
      }
    }
  }
} 1`] = `
{
  "filters": [
    {
      "member": "orders.created_at",
      "operator": "notInDateRange",
      "values": [
        "2022-01-01",
        "2022-02-01",
      ],
    },
  ],
  "measures": [
    "orders.count",
  ],
  "timeDimensions": [
    {
      "dimension": "orders.created_at",
      "granularity": "day",
    },
  ],
}
`;

exports[`GraphQL Schema with snake_case GraphQL query 8: query CubeQuery {
  cube {
    orders(orderBy: { count: desc, status: asc }) {
      count
      status
      created_at {
        value
      }
    }
    users(orderBy: { city: desc }) {
      city
    }
  }
} 1`] = `
{
  "dimensions": [
    "orders.status",
    "orders.created_at",
    "users.city",
  ],
  "measures": [
    "orders.count",
  ],
  "order": [
    [
      "orders.count",
      "desc",
    ],
    [
      "orders.status",
      "asc",
    ],
    [
      "users.city",
      "desc",
    ],
  ],
}
`;

exports[`GraphQL Schema with snake_case GraphQL query 9: query CubeQuery {
  cube(
    where: {
      orders: { status: { in: ["canceled", "active"] } }
      OR: [
        {
          users: { OR: [{ city: { set: false } }, { city: { equals: "US" } }] }
        }
      ]
    }
  ) {
    orders {
      count
      status
    }
  }
}
 1`] = `
{
  "dimensions": [
    "orders.status",
  ],
  "filters": [
    {
      "or": [
        {
          "or": [
            {
              "member": "users.city",
              "operator": "notSet",
            },
            {
              "member": "users.city",
              "operator": "equals",
              "values": [
                "US",
              ],
            },
          ],
        },
      ],
    },
    {
      "member": "orders.status",
      "operator": "equals",
      "values": [
        "canceled",
        "active",
      ],
    },
  ],
  "measures": [
    "orders.count",
  ],
}
`;
